[html.tavonline.co/berlin/main/diagonal-slider.html]
[backblue.gif]
[fade.gif]
[index.html]
[html.tavonline.co/berlin/main/favicon.ico]
[html.tavonline.co/berlin/main/css/bootstrap.css]
[html.tavonline.co/berlin/main/css/reset.css]
[html.tavonline.co/berlin/main/css/style.css]
[html.tavonline.co/berlin/main/css/animate.css]
[html.tavonline.co/berlin/main/css/owl.carousel.css]
[html.tavonline.co/berlin/main/css/magnific-popup.css]
[html.tavonline.co/berlin/main/icon-fonts/font-awesome-4.5.0/css/font-awesome.min.css]
[html.tavonline.co/berlin/main/icon-fonts/essential-regular-fonts/essential-icons.css]
[html.tavonline.co/berlin/main/images/logo.png]
[html.tavonline.co/berlin/main/images/home-2.jpg]
[html.tavonline.co/berlin/main/images/slider-1.jpg]
[html.tavonline.co/berlin/main/images/slider-2.jpg]
[html.tavonline.co/berlin/main/images/profile-2.jpg]
[html.tavonline.co/berlin/main/images/work-1.jpg]
[html.tavonline.co/berlin/main/images/work-2.jpg]
[html.tavonline.co/berlin/main/images/work-3.jpg]
[html.tavonline.co/berlin/main/images/work-4.jpg]
[html.tavonline.co/berlin/main/images/work-5.jpg]
[html.tavonline.co/berlin/main/images/work-6.jpg]
[html.tavonline.co/berlin/main/single-blog.html]
[html.tavonline.co/berlin/main/images/blog-1.jpg]
[html.tavonline.co/berlin/main/images/blog-2.jpg]
[html.tavonline.co/berlin/main/images/blog-3.jpg]
[html.tavonline.co/berlin/main/blog-page.html]
[html.tavonline.co/berlin/main/js/jquery-2.1.4.min.js]
[html.tavonline.co/berlin/main/js/bootstrap.min.js]
[html.tavonline.co/berlin/main/js/wow.min.js]
[html.tavonline.co/berlin/main/js/isotope.pkgd.min.js]
[html.tavonline.co/berlin/main/js/typed.js]
[html.tavonline.co/berlin/main/js/jquery.magnific-popup.min.js]
[html.tavonline.co/berlin/main/js/jquery.superslides.min.js]
[html.tavonline.co/berlin/main/js/owl.carousel.min.js]
[html.tavonline.co/berlin/main/js/main.js]
[html.tavonline.co/berlin/main/diagonal-slider.html]
[html.tavonline.co/berlin/main/favicon.html]
[html.tavonline.co/berlin/main/fonts/glyphicons-halflings-regular.24.delayed]
[html.tavonline.co/berlin/main/fonts/glyphicons-halflings-regulard41d.eot]
[html.tavonline.co/berlin/main/fonts/glyphicons-halflings-regular.woff2]
[html.tavonline.co/berlin/main/fonts/glyphicons-halflings-regular.woff]
[html.tavonline.co/berlin/main/fonts/glyphicons-halflings-regular.ttf]
[html.tavonline.co/berlin/main/fonts/glyphicons-halflings-regular.svg]
[html.tavonline.co/berlin/main/css/bootstrap.css]
[html.tavonline.co/berlin/main/css/reset.css]
[html.tavonline.co/berlin/main/images/home.jpg]
[html.tavonline.co/berlin/main/css/style.css]
[html.tavonline.co/berlin/main/css/animate.css]
[html.tavonline.co/berlin/main/css/owl.carousel.css]
[html.tavonline.co/berlin/main/css/magnific-popup.css]
[html.tavonline.co/berlin/main/icon-fonts/font-awesome-4.5.0/fonts/fontawesome-webfont3295.eot]
[html.tavonline.co/berlin/main/icon-fonts/font-awesome-4.5.0/fonts/fontawesome-webfontd41d.eot]
[html.tavonline.co/berlin/main/icon-fonts/font-awesome-4.5.0/fonts/fontawesome-webfont3295.woff2]
[html.tavonline.co/berlin/main/icon-fonts/font-awesome-4.5.0/fonts/fontawesome-webfont3295.woff]
[html.tavonline.co/berlin/main/icon-fonts/font-awesome-4.5.0/fonts/fontawesome-webfont3295.ttf]
[html.tavonline.co/berlin/main/icon-fonts/font-awesome-4.5.0/css/font-awesome.min.css]
[html.tavonline.co/berlin/main/icon-fonts/essential-regular-fonts/essential-regular.eot]
[html.tavonline.co/berlin/main/icon-fonts/essential-regular-fonts/essential-regulard41d.eot]
[html.tavonline.co/berlin/main/icon-fonts/essential-regular-fonts/essential-regular.woff]
[html.tavonline.co/berlin/main/icon-fonts/essential-regular-fonts/essential-regular.ttf]
[html.tavonline.co/berlin/main/icon-fonts/essential-regular-fonts/essential-icons.css]
[html.tavonline.co/berlin/main/index.html]
[html.tavonline.co/berlin/main/images/blog-big.jpg]
[html.tavonline.co/berlin/main/images/person-1.jpg]
[html.tavonline.co/berlin/main/images/person-2.jpg]
[html.tavonline.co/berlin/main/images/person-3.jpg]
[html.tavonline.co/berlin/main/single-blog.html]
[html.tavonline.co/berlin/main/images/blog-4.png]
[html.tavonline.co/berlin/main/images/blog-5.png]
[html.tavonline.co/berlin/main/images/blog-6.png]
[html.tavonline.co/berlin/main/blog-page.html]
[html.tavonline.co/berlin/main/fonts/glyphicons-halflings-regular.html]
[html.tavonline.co/berlin/main/fonts/glyphicons-halflings-regulard41d.html]
[html.tavonline.co/berlin/main/fonts/glyphicons-halflings-regular-2.html]
[html.tavonline.co/berlin/main/fonts/glyphicons-halflings-regular-3.html]
[html.tavonline.co/berlin/main/fonts/glyphicons-halflings-regular-4.html]
[html.tavonline.co/berlin/main/fonts/glyphicons-halflings-regular-5.html]
[html.tavonline.co/berlin/main/images/home.html]
[html.tavonline.co/berlin/main/icon-fonts/font-awesome-4.5.0/fonts/fontawesome-webfont3295.svg]
[html.tavonline.co/berlin/main/icon-fonts/essential-regular-fonts/essential-regular.svg]
[html.tavonline.co/berlin/main/js/smoothscroll.js]
[html.tavonline.co/berlin/main/index.html]
